
==== FIXTURE A: death end of year 3 certain (q=[0,0,1]) ====
-- s=none: Ug=1000000 R=15000000 Uc=1000000 G=0 BT0=200000 ySw=0.055351 
   t=1 X_t=15,000,000.00 V=1,090,000.00 Y=20,000.00 burn=9160.000000 burnSw=0.000000 Eb=20590840.000000 Es=20590840.000000 W=0.000000 WB=0.000000 Tself=1080840.000000
        HOLD: TEb=21680840.000000 b0=6680840.000000 ETb=2672336.000000 SUb=0.000000 Hb=19008504.000000
        GIFT: T=1090000.000000 TB=220000.000000 add2035=0.000000 TEs=20590840.000000 b4=6590840.000000 ETs=2636336.000000 BIG=870000.000000 SUs=209134.615385 Hs=18835369.384615
        dH=-173134.615385 dTW=0.000000 dET=36000.000000 dSU=-209134.615385 | freeze=32336.000000 burn=3664.000000 giftTax=0.000000 resid=0.000000 stepUp=-209134.615385 sum=-173134.615385 DF=0.961538 PV=-166475.591716
   t=2 X_t=15,300,000.00 V=1,188,100.00 Y=21,800.00 burn=9984.400000 burnSw=0.000000 Eb=21198580.800000 Es=21198580.800000 W=0.000000 WB=0.000000 Tself=1168215.105600
        HOLD: TEb=22386680.800000 b0=7086680.800000 ETb=2834672.320000 SUb=0.000000 Hb=19552008.480000
        GIFT: T=1188100.000000 TB=241800.000000 add2035=0.000000 TEs=21198580.800000 b4=6898580.800000 ETs=2759432.320000 BIG=946300.000000 SUs=227475.961538 Hs=19399772.518462
        dH=-152235.961538 dTW=0.000000 dET=75240.000000 dSU=-227475.961538 | freeze=67286.042240 burn=7953.957760 giftTax=0.000000 resid=0.000000 stepUp=-227475.961538 sum=-152235.961538 DF=0.924556 PV=-140750.704085
   t=3 X_t=15,606,000.00 V=1,295,029.00 Y=23,762.00 burn=10882.996000 burnSw=0.000000 Eb=21823655.228000 Es=21823655.228000 W=0.000000 WB=0.000000 Tself=1262653.614737
        HOLD: TEb=23118684.228000 b0=7512684.228000 ETb=3005073.691200 SUb=0.000000 Hb=20113610.536800
        GIFT: T=1295029.000000 TB=265562.000000 add2035=0.000000 TEs=21823655.228000 b4=7217655.228000 ETs=2887062.091200 BIG=1029467.000000 SUs=247468.028846 Hs=19984154.107954
        dH=-129456.428846 dTW=0.000000 dET=118011.600000 dSU=-247468.028846 | freeze=105061.445895 burn=12950.154105 giftTax=0.000000 resid=0.000000 stepUp=-247468.028846 sum=-129456.428846 DF=0.888996 PV=-115086.293851
   NPV(s=none) = -115086.293851   comps: freeze=93399.242837 burn=11512.639844 giftTax=0.000000 resid=0.000000 stepUp=-219998.176532 sum=-115086.293851
   Eff_Ug = -0.115086293851
-- s=1: Ug=1000000 R=15000000 Uc=1000000 G=0 BT0=200000 ySw=0.055351 
   t=1 X_t=15,000,000.00 V=1,090,000.00 Y=20,000.00 burn=9160.000000 burnSw=0.000000 Eb=20590840.000000 Es=19500840.000000 W=1090000.000000 WB=1090000.000000 Tself=1080840.000000
        HOLD: TEb=21680840.000000 b0=6680840.000000 ETb=2672336.000000 SUb=0.000000 Hb=19008504.000000
        GIFT: T=1090000.000000 TB=1090000.000000 add2035=0.000000 TEs=20590840.000000 b4=6590840.000000 ETs=2636336.000000 BIG=0.000000 SUs=0.000000 Hs=19044504.000000
        dH=36000.000000 dTW=0.000000 dET=36000.000000 dSU=0.000000 | freeze=32336.000000 burn=3664.000000 giftTax=0.000000 resid=0.000000 stepUp=0.000000 sum=36000.000000 DF=0.961538 PV=34615.384615
   t=2 X_t=15,300,000.00 V=1,188,100.00 Y=21,800.00 burn=9984.400000 burnSw=27632.103321 Eb=21198580.800000 Es=20048248.696679 W=1150332.103321 WB=1150332.103321 Tself=1113265.200000
        HOLD: TEb=22386680.800000 b0=7086680.800000 ETb=2834672.320000 SUb=0.000000 Hb=19552008.480000
        GIFT: T=1150332.103321 TB=1150332.103321 add2035=0.000000 TEs=21236348.696679 b4=6936348.696679 ETs=2774539.478672 BIG=0.000000 SUs=0.000000 Hs=19612141.321328
        dH=60132.841328 dTW=0.000000 dET=60132.841328 dSU=0.000000 | freeze=45306.080000 burn=14826.761328 giftTax=0.000000 resid=0.000000 stepUp=0.000000 sum=60132.841328 DF=0.924556 PV=55596.192057
   t=3 X_t=15,606,000.00 V=1,295,029.00 Y=23,762.00 burn=10882.996000 burnSw=29161.555534 Eb=21823655.228000 Es=20609651.606045 W=1214003.621955 WB=1214003.621955 Tself=1146663.156000
        HOLD: TEb=23118684.228000 b0=7512684.228000 ETb=3005073.691200 SUb=0.000000 Hb=20113610.536800
        GIFT: T=1214003.621955 TB=1214003.621955 add2035=0.000000 TEs=21904680.606045 b4=7298680.606045 ETs=2919472.242418 BIG=0.000000 SUs=0.000000 Hs=20199211.985582
        dH=85601.448782 dTW=-0.000000 dET=85601.448782 dSU=0.000000 | freeze=58665.262400 burn=26936.186382 giftTax=0.000000 resid=-0.000000 stepUp=0.000000 sum=85601.448782 DF=0.888996 PV=76099.376264
   NPV(s=1) = 76099.376264   comps: freeze=52153.204654 burn=23946.171610 giftTax=0.000000 resid=-0.000000 stepUp=0.000000 sum=76099.376264
   Eff_Ug = 0.076099376264
-- s=2: Ug=1000000 R=15000000 Uc=1000000 G=0 BT0=200000 ySw=0.055351 
   t=1 X_t=15,000,000.00 V=1,090,000.00 Y=20,000.00 burn=9160.000000 burnSw=0.000000 Eb=20590840.000000 Es=20590840.000000 W=0.000000 WB=0.000000 Tself=1080840.000000
        HOLD: TEb=21680840.000000 b0=6680840.000000 ETb=2672336.000000 SUb=0.000000 Hb=19008504.000000
        GIFT: T=1090000.000000 TB=220000.000000 add2035=0.000000 TEs=20590840.000000 b4=6590840.000000 ETs=2636336.000000 BIG=870000.000000 SUs=209134.615385 Hs=18835369.384615
        dH=-173134.615385 dTW=0.000000 dET=36000.000000 dSU=-209134.615385 | freeze=32336.000000 burn=3664.000000 giftTax=0.000000 resid=0.000000 stepUp=-209134.615385 sum=-173134.615385 DF=0.961538 PV=-166475.591716
   t=2 X_t=15,300,000.00 V=1,188,100.00 Y=21,800.00 burn=9984.400000 burnSw=0.000000 Eb=21198580.800000 Es=20010480.800000 W=1188100.000000 WB=1188100.000000 Tself=1168215.105600
        HOLD: TEb=22386680.800000 b0=7086680.800000 ETb=2834672.320000 SUb=0.000000 Hb=19552008.480000
        GIFT: T=1188100.000000 TB=1188100.000000 add2035=0.000000 TEs=21198580.800000 b4=6898580.800000 ETs=2759432.320000 BIG=0.000000 SUs=0.000000 Hs=19627248.480000
        dH=75240.000000 dTW=0.000000 dET=75240.000000 dSU=0.000000 | freeze=67286.042240 burn=7953.957760 giftTax=0.000000 resid=0.000000 stepUp=0.000000 sum=75240.000000 DF=0.924556 PV=69563.609467
   t=3 X_t=15,606,000.00 V=1,295,029.00 Y=23,762.00 burn=10882.996000 burnSw=30118.992620 Eb=21823655.228000 Es=20569793.235380 W=1253861.992620 WB=1253861.992620 Tself=1203261.558768
        HOLD: TEb=23118684.228000 b0=7512684.228000 ETb=3005073.691200 SUb=0.000000 Hb=20113610.536800
        GIFT: T=1253861.992620 TB=1253861.992620 add2035=0.000000 TEs=21864822.235380 b4=7258822.235380 ETs=2903528.894152 BIG=0.000000 SUs=0.000000 Hs=20215155.333848
        dH=101544.797048 dTW=-0.000000 dET=101544.797048 dSU=0.000000 | freeze=81304.623507 burn=20240.173541 giftTax=0.000000 resid=-0.000000 stepUp=0.000000 sum=101544.797048 DF=0.888996 PV=90272.954818
   NPV(s=2) = 90272.954818   comps: freeze=72279.514241 burn=17993.440577 giftTax=0.000000 resid=-0.000000 stepUp=0.000000 sum=90272.954818
   Eff_Ug = 0.090272954818
-- s=3: Ug=1000000 R=15000000 Uc=1000000 G=0 BT0=200000 ySw=0.055351 
   t=1 X_t=15,000,000.00 V=1,090,000.00 Y=20,000.00 burn=9160.000000 burnSw=0.000000 Eb=20590840.000000 Es=20590840.000000 W=0.000000 WB=0.000000 Tself=1080840.000000
        HOLD: TEb=21680840.000000 b0=6680840.000000 ETb=2672336.000000 SUb=0.000000 Hb=19008504.000000
        GIFT: T=1090000.000000 TB=220000.000000 add2035=0.000000 TEs=20590840.000000 b4=6590840.000000 ETs=2636336.000000 BIG=870000.000000 SUs=209134.615385 Hs=18835369.384615
        dH=-173134.615385 dTW=0.000000 dET=36000.000000 dSU=-209134.615385 | freeze=32336.000000 burn=3664.000000 giftTax=0.000000 resid=0.000000 stepUp=-209134.615385 sum=-173134.615385 DF=0.961538 PV=-166475.591716
   t=2 X_t=15,300,000.00 V=1,188,100.00 Y=21,800.00 burn=9984.400000 burnSw=0.000000 Eb=21198580.800000 Es=21198580.800000 W=0.000000 WB=0.000000 Tself=1168215.105600
        HOLD: TEb=22386680.800000 b0=7086680.800000 ETb=2834672.320000 SUb=0.000000 Hb=19552008.480000
        GIFT: T=1188100.000000 TB=241800.000000 add2035=0.000000 TEs=21198580.800000 b4=6898580.800000 ETs=2759432.320000 BIG=946300.000000 SUs=227475.961538 Hs=19399772.518462
        dH=-152235.961538 dTW=0.000000 dET=75240.000000 dSU=-227475.961538 | freeze=67286.042240 burn=7953.957760 giftTax=0.000000 resid=0.000000 stepUp=-227475.961538 sum=-152235.961538 DF=0.924556 PV=-140750.704085
   t=3 X_t=15,606,000.00 V=1,295,029.00 Y=23,762.00 burn=10882.996000 burnSw=0.000000 Eb=21823655.228000 Es=20528626.228000 W=1295029.000000 WB=1295029.000000 Tself=1262653.614737
        HOLD: TEb=23118684.228000 b0=7512684.228000 ETb=3005073.691200 SUb=0.000000 Hb=20113610.536800
        GIFT: T=1295029.000000 TB=1295029.000000 add2035=0.000000 TEs=21823655.228000 b4=7217655.228000 ETs=2887062.091200 BIG=0.000000 SUs=0.000000 Hs=20231622.136800
        dH=118011.600000 dTW=0.000000 dET=118011.600000 dSU=0.000000 | freeze=105061.445895 burn=12950.154105 giftTax=0.000000 resid=0.000000 stepUp=0.000000 sum=118011.600000 DF=0.888996 PV=104911.882681
   NPV(s=3) = 104911.882681   comps: freeze=93399.242837 burn=11512.639844 giftTax=0.000000 resid=0.000000 stepUp=0.000000 sum=104911.882681
   Eff_Ug = 0.104911882681

==== FIXTURE B: 2-year synthetic table l=[1000,700,0] q=[0.3,0.7] ====
-- s=none: Ug=1000000 R=15000000 Uc=1000000 G=0 BT0=200000 ySw=0.055351 
   t=1 X_t=15,000,000.00 V=1,090,000.00 Y=20,000.00 burn=9160.000000 burnSw=0.000000 Eb=20590840.000000 Es=20590840.000000 W=0.000000 WB=0.000000 Tself=1080840.000000
        HOLD: TEb=21680840.000000 b0=6680840.000000 ETb=2672336.000000 SUb=0.000000 Hb=19008504.000000
        GIFT: T=1090000.000000 TB=220000.000000 add2035=0.000000 TEs=20590840.000000 b4=6590840.000000 ETs=2636336.000000 BIG=870000.000000 SUs=209134.615385 Hs=18835369.384615
        dH=-173134.615385 dTW=0.000000 dET=36000.000000 dSU=-209134.615385 | freeze=32336.000000 burn=3664.000000 giftTax=0.000000 resid=0.000000 stepUp=-209134.615385 sum=-173134.615385 DF=0.961538 PV=-166475.591716
   t=2 X_t=15,300,000.00 V=1,188,100.00 Y=21,800.00 burn=9984.400000 burnSw=0.000000 Eb=21198580.800000 Es=21198580.800000 W=0.000000 WB=0.000000 Tself=1168215.105600
        HOLD: TEb=22386680.800000 b0=7086680.800000 ETb=2834672.320000 SUb=0.000000 Hb=19552008.480000
        GIFT: T=1188100.000000 TB=241800.000000 add2035=0.000000 TEs=21198580.800000 b4=6898580.800000 ETs=2759432.320000 BIG=946300.000000 SUs=227475.961538 Hs=19399772.518462
        dH=-152235.961538 dTW=0.000000 dET=75240.000000 dSU=-227475.961538 | freeze=67286.042240 burn=7953.957760 giftTax=0.000000 resid=0.000000 stepUp=-227475.961538 sum=-152235.961538 DF=0.924556 PV=-140750.704085
   NPV(s=none) = -148468.170374   comps: freeze=52874.502189 burn=6204.639822 giftTax=0.000000 resid=0.000000 stepUp=-207547.312386 sum=-148468.170374
   Eff_Ug = -0.148468170374
-- s=1: Ug=1000000 R=15000000 Uc=1000000 G=0 BT0=200000 ySw=0.055351 
   t=1 X_t=15,000,000.00 V=1,090,000.00 Y=20,000.00 burn=9160.000000 burnSw=0.000000 Eb=20590840.000000 Es=19500840.000000 W=1090000.000000 WB=1090000.000000 Tself=1080840.000000
        HOLD: TEb=21680840.000000 b0=6680840.000000 ETb=2672336.000000 SUb=0.000000 Hb=19008504.000000
        GIFT: T=1090000.000000 TB=1090000.000000 add2035=0.000000 TEs=20590840.000000 b4=6590840.000000 ETs=2636336.000000 BIG=0.000000 SUs=0.000000 Hs=19044504.000000
        dH=36000.000000 dTW=0.000000 dET=36000.000000 dSU=0.000000 | freeze=32336.000000 burn=3664.000000 giftTax=0.000000 resid=0.000000 stepUp=0.000000 sum=36000.000000 DF=0.961538 PV=34615.384615
   t=2 X_t=15,300,000.00 V=1,188,100.00 Y=21,800.00 burn=9984.400000 burnSw=27632.103321 Eb=21198580.800000 Es=20048248.696679 W=1150332.103321 WB=1150332.103321 Tself=1113265.200000
        HOLD: TEb=22386680.800000 b0=7086680.800000 ETb=2834672.320000 SUb=0.000000 Hb=19552008.480000
        GIFT: T=1150332.103321 TB=1150332.103321 add2035=0.000000 TEs=21236348.696679 b4=6936348.696679 ETs=2774539.478672 BIG=0.000000 SUs=0.000000 Hs=19612141.321328
        dH=60132.841328 dTW=0.000000 dET=60132.841328 dSU=0.000000 | freeze=45306.080000 burn=14826.761328 giftTax=0.000000 resid=0.000000 stepUp=0.000000 sum=60132.841328 DF=0.924556 PV=55596.192057
   NPV(s=1) = 49301.949824   comps: freeze=38649.304734 burn=10652.645091 giftTax=0.000000 resid=0.000000 stepUp=0.000000 sum=49301.949824
   Eff_Ug = 0.049301949824
-- s=2: Ug=1000000 R=15000000 Uc=1000000 G=0 BT0=200000 ySw=0.055351 
   t=1 X_t=15,000,000.00 V=1,090,000.00 Y=20,000.00 burn=9160.000000 burnSw=0.000000 Eb=20590840.000000 Es=20590840.000000 W=0.000000 WB=0.000000 Tself=1080840.000000
        HOLD: TEb=21680840.000000 b0=6680840.000000 ETb=2672336.000000 SUb=0.000000 Hb=19008504.000000
        GIFT: T=1090000.000000 TB=220000.000000 add2035=0.000000 TEs=20590840.000000 b4=6590840.000000 ETs=2636336.000000 BIG=870000.000000 SUs=209134.615385 Hs=18835369.384615
        dH=-173134.615385 dTW=0.000000 dET=36000.000000 dSU=-209134.615385 | freeze=32336.000000 burn=3664.000000 giftTax=0.000000 resid=0.000000 stepUp=-209134.615385 sum=-173134.615385 DF=0.961538 PV=-166475.591716
   t=2 X_t=15,300,000.00 V=1,188,100.00 Y=21,800.00 burn=9984.400000 burnSw=0.000000 Eb=21198580.800000 Es=20010480.800000 W=1188100.000000 WB=1188100.000000 Tself=1168215.105600
        HOLD: TEb=22386680.800000 b0=7086680.800000 ETb=2834672.320000 SUb=0.000000 Hb=19552008.480000
        GIFT: T=1188100.000000 TB=1188100.000000 add2035=0.000000 TEs=21198580.800000 b4=6898580.800000 ETs=2759432.320000 BIG=0.000000 SUs=0.000000 Hs=19627248.480000
        dH=75240.000000 dTW=0.000000 dET=75240.000000 dSU=0.000000 | freeze=67286.042240 burn=7953.957760 giftTax=0.000000 resid=0.000000 stepUp=0.000000 sum=75240.000000 DF=0.924556 PV=69563.609467
   NPV(s=2) = -1248.150888   comps: freeze=52874.502189 burn=6204.639822 giftTax=0.000000 resid=0.000000 stepUp=-60327.292899 sum=-1248.150888
   Eff_Ug = -0.001248150888

==== FIXTURE C: E0=10,000,000 below exemption ====
-- s=none: Ug=1000000 R=15000000 Uc=1000000 G=0 BT0=200000 ySw=0.055351 
   NPV(s=none) = -219998.176532   comps: freeze=0.000000 burn=0.000000 giftTax=0.000000 resid=0.000000 stepUp=-219998.176532 sum=-219998.176532
   Eff_Ug = -0.219998176532
-- s=3: Ug=1000000 R=15000000 Uc=1000000 G=0 BT0=200000 ySw=0.055351 
   NPV(s=3) = 0.000000   comps: freeze=0.000000 burn=0.000000 giftTax=0.000000 resid=0.000000 stepUp=0.000000 sum=0.000000
   Eff_Ug = 0.000000000000

==== FIXTURE D: delta=0.30 ====
-- s=none: Ug=700000 R=15000000 Uc=700000 G=0 BT0=200000 ySw=0.055351 
   NPV(s=none) = -8406.730810   comps: freeze=200078.805878 burn=11512.639844 giftTax=0.000000 resid=0.000000 stepUp=-219998.176532 sum=-8406.730810
   Eff_Ug = -0.012009615443

==== FIXTURE E: P=X0=15,000,000 (exhausted in 2026 dollars, XP=X0) ====
-- s=none: Ug=1000000 R=0 Uc=0 G=400000 BT0=520000 ySw=0.055351 
   NPV(s=none) = -66486.110253   comps: freeze=93399.242837 burn=11512.639844 giftTax=-19784.151684 resid=-0.000000 stepUp=-151613.841249 sum=-66486.110253
   Eff_Ug = -0.066486110253  Eff_G = -0.166215275631

==== FIXTURE E2: same, death year 4 ====
-- s=none: Ug=1000000 R=0 Uc=0 G=400000 BT0=520000 ySw=0.055351 
   NPV(s=none) = 87338.955157   comps: freeze=124707.907579 burn=16020.766493 giftTax=111020.160933 resid=0.000000 stepUp=-164409.879848 sum=87338.955157
   Eff_Ug = 0.087338955157  Eff_G = 0.218347387892

==== FIXTURE F: prior gifts P=13,990,000 made in 2025 (XP=13,990,000), FMV=2,000,000 B0=400,000 ====
-- s=none: Ug=2000000 R=1010000 Uc=1010000 G=396000 BT0=716800 ySw=0.055351 
   t=1 X_t=15,000,000.00 V=2,180,000.00 Y=40,000.00 burn=18320.000000 burnSw=0.000000 Eb=20581680.000000 Es=20173800.000000 W=0.000000 WB=0.000000 Tself=2161680.000000
        HOLD: TEb=22761680.000000 b0=21751680.000000 ETb=8700672.000000 SUb=0.000000 Hb=14061008.000000
        GIFT: T=2180000.000000 TB=756800.000000 add2035=396000.000000 TEs=20569800.000000 b4=20569800.000000 ETs=8227920.000000 BIG=1423200.000000 SUs=342115.384615 Hs=13783764.615385
        dH=-277243.384615 dTW=-407880.000000 dET=472752.000000 dSU=-342115.384615 | freeze=64672.000000 burn=7328.000000 giftTax=-7128.000000 resid=0.000000 stepUp=-342115.384615 sum=-277243.384615 DF=0.961538 PV=-266580.177515
   t=2 X_t=15,300,000.00 V=2,376,200.00 Y=43,600.00 burn=19968.800000 burnSw=0.000000 Eb=21179161.600000 Es=20759045.200000 W=0.000000 WB=0.000000 Tself=2336430.211200
        HOLD: TEb=23555361.600000 b0=22245361.600000 ETb=8898144.640000 SUb=0.000000 Hb=14657216.960000
        GIFT: T=2376200.000000 TB=800400.000000 add2035=396000.000000 TEs=21155045.200000 b4=20855045.200000 ETs=8342018.080000 BIG=1575800.000000 SUs=378798.076923 Hs=14414429.043077
        dH=-242787.916923 dTW=-420116.400000 dET=556126.560000 dSU=-378798.076923 | freeze=134572.084480 burn=15907.915520 giftTax=-14469.840000 resid=-0.000000 stepUp=-378798.076923 sum=-242787.916923 DF=0.924556 PV=-224471.077037
   t=3 X_t=15,606,000.00 V=2,590,058.00 Y=47,524.00 burn=21765.992000 burnSw=0.000000 Eb=21792770.456000 Es=21360050.564000 W=0.000000 WB=0.000000 Tself=2525307.229473
        HOLD: TEb=24382828.456000 b0=22766828.456000 ETb=9106731.382400 SUb=0.000000 Hb=15276097.073600
        GIFT: T=2590058.000000 TB=847924.000000 add2035=396000.000000 TEs=21756050.564000 b4=21150050.564000 ETs=8460020.225600 BIG=1742134.000000 SUs=418782.211538 Hs=15071306.126862
        dH=-204790.946738 dTW=-432719.892000 dET=646711.156800 dSU=-418782.211538 | freeze=210122.891789 burn=25900.308211 giftTax=-22031.935200 resid=-0.000000 stepUp=-418782.211538 sum=-204790.946738 DF=0.888996 PV=-182058.405939
   NPV(s=none) = -182058.405939   comps: freeze=186798.485674 burn=23025.279688 giftTax=-19586.310167 resid=-0.000000 stepUp=-372295.861134 sum=-182058.405939
   Eff_Ug = -0.091029202970  Eff_G = -0.459743449342

==== FIXTURE G: as A with tauBene=0.288 ====
-- s=none: Ug=1000000 R=15000000 Uc=1000000 G=0 BT0=200000 ySw=0.055351 
   NPV(s=none) = -148526.016684   comps: freeze=93399.242837 burn=11512.639844 giftTax=0.000000 resid=0.000000 stepUp=-253437.899365 sum=-148526.016684
   Eff_Ug = -0.148526016684
-- s=3: Ug=1000000 R=15000000 Uc=1000000 G=0 BT0=200000 ySw=0.055351 
   NPV(s=3) = 104911.882681   comps: freeze=93399.242837 burn=11512.639844 giftTax=0.000000 resid=0.000000 stepUp=0.000000 sum=104911.882681
   Eff_Ug = 0.104911882681

==== FIXTURE H: sale in trust S=2 (gr=0.03, yr=0), death yr 3 ====
-- s=none: Ug=1000000 R=15000000 Uc=1000000 G=0 BT0=200000 ySw=0.055351 
   t=1 X_t=15,000,000.00 V=1,090,000.00 Y=20,000.00 burn=9160.000000 burnSw=0.000000 Eb=20590840.000000 Es=20590840.000000 W=0.000000 WB=0.000000 Tself=1080840.000000
        HOLD: TEb=21680840.000000 b0=6680840.000000 ETb=2672336.000000 SUb=0.000000 Hb=19008504.000000
        GIFT: T=1090000.000000 TB=220000.000000 add2035=0.000000 TEs=20590840.000000 b4=6590840.000000 ETs=2636336.000000 BIG=870000.000000 SUs=209134.615385 Hs=18835369.384615
        dH=-173134.615385 dTW=0.000000 dET=36000.000000 dSU=-209134.615385 | freeze=32336.000000 burn=3664.000000 giftTax=0.000000 resid=0.000000 stepUp=-209134.615385 sum=-173134.615385 DF=0.961538 PV=-166475.591716
   t=2 X_t=15,300,000.00 V=1,188,100.00 Y=21,800.00 burn=9984.400000 burnSw=0.000000 Eb=20926046.400000 Es=20926046.400000 W=0.000000 WB=0.000000 Tself=895865.371200
        HOLD: TEb=22114146.400000 b0=6814146.400000 ETb=2725658.560000 SUb=0.000000 Hb=19388487.840000
        GIFT: T=1188100.000000 TB=1188100.000000 add2035=0.000000 TEs=20926046.400000 b4=6626046.400000 ETs=2650418.560000 BIG=0.000000 SUs=0.000000 Hs=19463727.840000
        dH=75240.000000 dTW=0.000000 dET=75240.000000 dSU=0.000000 | freeze=-41653.851520 burn=116893.851520 giftTax=0.000000 resid=0.000000 stepUp=0.000000 sum=75240.000000 DF=0.924556 PV=69563.609467
   t=3 X_t=15,606,000.00 V=1,223,743.00 Y=0.00 burn=0.000000 burnSw=0.000000 Eb=21553827.792000 Es=21553827.792000 W=0.000000 WB=0.000000 Tself=922741.332336
        HOLD: TEb=22777570.792000 b0=7171570.792000 ETb=2868628.316800 SUb=0.000000 Hb=19908942.475200
        GIFT: T=1223743.000000 TB=1188100.000000 add2035=0.000000 TEs=21553827.792000 b4=6947827.792000 ETs=2779131.116800 BIG=35643.000000 SUs=8568.028846 Hs=19989871.646354
        dH=80929.171154 dTW=0.000000 dET=89497.200000 dSU=-8568.028846 | freeze=-30903.467066 burn=120400.667066 giftTax=0.000000 resid=0.000000 stepUp=-8568.028846 sum=80929.171154 DF=0.888996 PV=71945.738466
   NPV(s=none) = 71945.738466   comps: freeze=-27473.069692 burn=107035.754603 giftTax=0.000000 resid=0.000000 stepUp=-7616.946445 sum=71945.738466
   Eff_Ug = 0.071945738466
-- s=1: Ug=1000000 R=15000000 Uc=1000000 G=0 BT0=200000 ySw=0.055351 
   t=1 X_t=15,000,000.00 V=1,090,000.00 Y=20,000.00 burn=9160.000000 burnSw=0.000000 Eb=20590840.000000 Es=19500840.000000 W=1090000.000000 WB=1090000.000000 Tself=1080840.000000
        HOLD: TEb=21680840.000000 b0=6680840.000000 ETb=2672336.000000 SUb=0.000000 Hb=19008504.000000
        GIFT: T=1090000.000000 TB=1090000.000000 add2035=0.000000 TEs=20590840.000000 b4=6590840.000000 ETs=2636336.000000 BIG=0.000000 SUs=0.000000 Hs=19044504.000000
        dH=36000.000000 dTW=0.000000 dET=36000.000000 dSU=0.000000 | freeze=32336.000000 burn=3664.000000 giftTax=0.000000 resid=0.000000 stepUp=0.000000 sum=36000.000000 DF=0.961538 PV=34615.384615
   t=2 X_t=15,300,000.00 V=1,188,100.00 Y=21,800.00 burn=9984.400000 burnSw=27632.103321 Eb=20926046.400000 Es=19775714.296679 W=1150332.103321 WB=1150332.103321 Tself=1113265.200000
        HOLD: TEb=22114146.400000 b0=6814146.400000 ETb=2725658.560000 SUb=0.000000 Hb=19388487.840000
        GIFT: T=1150332.103321 TB=1150332.103321 add2035=0.000000 TEs=20963814.296679 b4=6663814.296679 ETs=2665525.718672 BIG=0.000000 SUs=0.000000 Hs=19448620.681328
        dH=60132.841328 dTW=0.000000 dET=60132.841328 dSU=0.000000 | freeze=45306.080000 burn=14826.761328 giftTax=0.000000 resid=0.000000 stepUp=0.000000 sum=60132.841328 DF=0.924556 PV=55596.192057
   t=3 X_t=15,606,000.00 V=1,223,743.00 Y=0.00 burn=0.000000 burnSw=29161.555534 Eb=21553827.792000 Es=20339824.170045 W=1214003.621955 WB=1214003.621955 Tself=1146663.156000
        HOLD: TEb=22777570.792000 b0=7171570.792000 ETb=2868628.316800 SUb=0.000000 Hb=19908942.475200
        GIFT: T=1214003.621955 TB=1214003.621955 add2035=0.000000 TEs=21563567.170045 b4=6957567.170045 ETs=2783026.868018 BIG=0.000000 SUs=0.000000 Hs=19994543.923982
        dH=85601.448782 dTW=-0.000000 dET=85601.448782 dSU=0.000000 | freeze=58665.262400 burn=26936.186382 giftTax=0.000000 resid=-0.000000 stepUp=0.000000 sum=85601.448782 DF=0.888996 PV=76099.376264
   NPV(s=1) = 76099.376264   comps: freeze=52153.204654 burn=23946.171610 giftTax=0.000000 resid=-0.000000 stepUp=0.000000 sum=76099.376264
   Eff_Ug = 0.076099376264
-- s=2: Ug=1000000 R=15000000 Uc=1000000 G=0 BT0=200000 ySw=0.055351 INFEASIBLE: post-sale swap not modelled
