
==== FIXTURE I: ING, death end of year 3 certain (grantor state 5%/5%, ING state 0%, fee 0) ====
-- ING rates: tau_n_ord=0.408000 tau_n_cg=0.238000 fee=0
   t=1 X_t=15,000,000.00 Vb=1090000.000000 Eb=20590840.000000 | Yn=20000.000000 taxN=8160.000000 feeN=0.000000 gainL=0.000000 CGL=0.000000 CGn=0.000000 Vn=1081840.000000 Bn=211840.000000 Vsame=1080840.000000 Vrate=1081840.000000 En=20600000.000000
        ING: inclN=1081840.000000 TEn=21681840.000000 baseN=6681840.000000 (c3-baseN=0.00e+0) ETn=2672736.000000 SUn=0.000000 Hn=19009104.000000  HOLD: ETb=2672336.000000 Hb=19008504.000000
        dH=600.000000 dTW=1000.000000 dET=-400.000000 dSU=0.000000 | loc=0.000000 ss=1000.000000 fee=0.000000 -> locNet=0.000000 ssNet=600.000000 feeNet=0.000000 stepUp=0.000000 sum=600.000000 DF=0.961538 PV=576.923077
   t=2 X_t=15,300,000.00 Vb=1188100.000000 Eb=21198580.800000 | Yn=21636.800000 taxN=8827.814400 feeN=0.000000 gainL=0.000000 CGL=0.000000 CGn=0.000000 Vn=1170377.785600 Bn=224648.985600 Vsame=1168215.105600 Vrate=1170377.785600 En=21218000.000000
        ING: inclN=1170377.785600 TEn=22388377.785600 baseN=7088377.785600 (c3-baseN=9.31e-10) ETn=2835351.114240 SUn=0.000000 Hn=19553026.671360  HOLD: ETb=2834672.320000 Hb=19552008.480000
        dH=1018.191360 dTW=1696.985600 dET=-678.794240 dSU=0.000000 | loc=-465.694400 ss=2162.680000 fee=0.000000 -> locNet=-279.416640 ssNet=1297.608000 feeNet=0.000000 stepUp=0.000000 sum=1018.191360 DF=0.924556 PV=941.375148
   t=3 X_t=15,606,000.00 Vb=1295029.000000 Eb=21823655.228000 | Yn=23407.555712 taxN=9550.282730 feeN=0.000000 gainL=0.000000 CGL=0.000000 CGn=0.000000 Vn=1266161.503574 Bn=238506.258582 Vsame=1262653.614737 Vrate=1266161.503574 En=21854540.000000
        ING: inclN=1266161.503574 TEn=23120701.503574 baseN=7514701.503574 (c3-baseN=9.31e-10) ETn=3005880.601429 SUn=0.000000 Hn=20114820.902144  HOLD: ETb=3005073.691200 Hb=20113610.536800
        dH=1210.365344 dTW=2017.275573 dET=-806.910229 dSU=0.000000 | loc=-1490.613263 ss=3507.888837 fee=0.000000 -> locNet=-894.367958 ssNet=2104.733302 feeNet=0.000000 stepUp=0.000000 sum=1210.365344 DF=0.888996 PV=1076.010384
   NPV_ING = 1076.010384   comps: locNet=-795.089858 ssNet=1871.100242 feeNet=0.000000 stepUp=0.000000 sum=1076.010384
   NPV_ING / FMV = 0.001076010384

==== FIXTURE A (v1, phi=1) for the comparison: IDGT s=none and s=3 ====
-- s=none: Ug=1000000 R=15000000 Uc=1000000 G=0 BT0=200000 phi=1 
   NPV(s=none) = -115086.293851   comps: freeze=93399.242837 burn=11512.639844 giftTax=0.000000 resid=0.000000 stepUp=-219998.176532 sum=-115086.293851
   Eff_Ug = -0.115086293851
-- s=3: Ug=1000000 R=15000000 Uc=1000000 G=0 BT0=200000 phi=1 
   NPV(s=3) = 104911.882681   comps: freeze=93399.242837 burn=11512.639844 giftTax=0.000000 resid=0.000000 stepUp=0.000000 sum=104911.882681
   Eff_Ug = 0.104911882681
   Delta_none = NPV_ING - NPV(none) = 116162.304234 ; Delta_opt(s=3) = -103835.872297

==== FIXTURE J: IDGT with burn share phi=0.5, death end of year 3 certain ====
-- s=none: Ug=1000000 R=15000000 Uc=1000000 G=0 BT0=200000 phi=0.5 
   t=1 X_t=15,000,000.00 Vb=1090000.000000 Eb=20590840.000000 | Vs=1085420.000000 Bs=215420.000000 Es=20595420.000000 Ys=20000.000000 burnS=9160.000000 trustPaid=4580.000000 grantorPaid=4580.000000 burnSw=0.000000 W=0.000000 WB=0.000000 Tself=1080840.000000 CGs=0.000000
        HOLD: TEb=21680840.000000 b0=6680840.000000 ETb=2672336.000000 SUb=0.000000 Hb=19008504.000000
        GIFT: T=1085420.000000 TB=215420.000000 add2035=0.000000 TEs=20595420.000000 b4=6595420.000000 ETs=2638168.000000 BIG=870000.000000 SUs=209134.615385 Hs=18833537.384615
        dH=-174966.615385 dTW=0.000000 dET=34168.000000 dSU=-209134.615385 | b1=6600000.000000 b2=6595420.000000 b3=6595420.000000 freeze=32336.000000 burn=1832.000000 giftTax=0.000000 resid=0.000000 stepUp=-209134.615385 sum=-174966.615385 DF=0.961538 PV=-168237.130178
   t=2 X_t=15,300,000.00 Vb=1188100.000000 Eb=21198580.800000 | Vs=1178136.576400 Bs=232157.176400 Es=21208311.376400 Ys=21708.400000 burnS=9942.447200 trustPaid=4971.223600 grantorPaid=4971.223600 burnSw=0.000000 W=0.000000 WB=0.000000 Tself=1168215.105600 CGs=0.000000
        HOLD: TEb=22386680.800000 b0=7086680.800000 ETb=2834672.320000 SUb=0.000000 Hb=19552008.480000
        GIFT: T=1178136.576400 TB=232157.176400 add2035=0.000000 TEs=21208311.376400 b4=6908311.376400 ETs=2763324.550560 BIG=945979.400000 SUs=227398.894231 Hs=19395724.508009
        dH=-156283.971991 dTW=-232.847200 dET=71347.769440 dSU=-227398.894231 | b1=6918465.694400 b2=6908544.223600 b3=6908544.223600 freeze=67286.042240 burn=3968.588320 giftTax=0.000000 resid=-139.708320 stepUp=-227398.894231 sum=-156283.971991 DF=0.924556 PV=-144493.317299
   t=3 X_t=15,606,000.00 Vb=1295029.000000 Eb=21823655.228000 | Vs=1278773.002756 Bs=250324.042408 Es=21839164.852172 Ys=23562.731528 burnS=10791.731040 trustPaid=5395.865520 grantorPaid=5395.865520 burnSw=0.000000 W=0.000000 WB=0.000000 Tself=1262653.614737 CGs=0.000000
        HOLD: TEb=23118684.228000 b0=7512684.228000 ETb=3005073.691200 SUb=0.000000 Hb=20113610.536800
        GIFT: T=1278773.002756 TB=250324.042408 add2035=0.000000 TEs=21839164.852172 b4=7233164.852172 ETs=2893265.940869 BIG=1028448.960348 SUs=247223.307776 Hs=19977448.606283
        dH=-136161.930517 dTW=-746.373072 dET=111807.750331 dSU=-247223.307776 | b1=7250030.613263 b2=7233911.225244 b3=7233911.225244 freeze=105061.445895 burn=6447.755208 giftTax=0.000000 resid=-447.823843 stepUp=-247223.307776 sum=-136161.930517 DF=0.888996 PV=-121047.460419
   NPV(s=none) = -121047.460419   comps: freeze=93399.242837 burn=5732.030901 giftTax=0.000000 resid=-398.113766 stepUp=-219780.620391 sum=-121047.460419
   Eff_Ug = -0.121047460419
-- s=1: Ug=1000000 R=15000000 Uc=1000000 G=0 BT0=200000 phi=0.5 
   t=1 X_t=15,000,000.00 Vb=1090000.000000 Eb=20590840.000000 | Vs=1085420.000000 Bs=215420.000000 Es=19510000.000000 Ys=20000.000000 burnS=9160.000000 trustPaid=4580.000000 grantorPaid=4580.000000 burnSw=0.000000 W=1085420.000000 WB=1085420.000000 Tself=1080840.000000 CGs=0.000000
        HOLD: TEb=21680840.000000 b0=6680840.000000 ETb=2672336.000000 SUb=0.000000 Hb=19008504.000000
        GIFT: T=1085420.000000 TB=1085420.000000 add2035=0.000000 TEs=20595420.000000 b4=6595420.000000 ETs=2638168.000000 BIG=0.000000 SUs=0.000000 Hs=19042672.000000
        dH=34168.000000 dTW=0.000000 dET=34168.000000 dSU=0.000000 | b1=6600000.000000 b2=6595420.000000 b3=6595420.000000 freeze=32336.000000 burn=1832.000000 giftTax=0.000000 resid=0.000000 stepUp=0.000000 sum=34168.000000 DF=0.961538 PV=32853.846154
   t=2 X_t=15,300,000.00 Vb=1188100.000000 Eb=21198580.800000 | Vs=1183107.800000 Bs=237128.400000 Es=20071599.553907 Ys=21708.400000 burnS=9942.447200 trustPaid=13757.998893 grantorPaid=23700.446093 burnSw=27515.997786 W=1131740.598893 WB=1131740.598893 Tself=1113265.200000 CGs=0.000000
        HOLD: TEb=22386680.800000 b0=7086680.800000 ETb=2834672.320000 SUb=0.000000 Hb=19552008.480000
        GIFT: T=1131740.598893 TB=1131740.598893 add2035=0.000000 TEs=21254707.353907 b4=6954707.353907 ETs=2781882.941563 BIG=0.000000 SUs=0.000000 Hs=19604565.011237
        dH=52556.531237 dTW=-232.847200 dET=52789.378437 dSU=0.000000 | b1=6973415.600000 b2=6954940.201107 b3=6954940.201107 freeze=45306.080000 burn=7390.159557 giftTax=0.000000 resid=-139.708320 stepUp=0.000000 sum=52556.531237 DF=0.924556 PV=48591.467490
   t=3 X_t=15,606,000.00 Vb=1295029.000000 Eb=21823655.228000 | Vs=1289587.502000 Bs=260790.556000 Es=20648565.147773 Ys=23662.156000 burnS=10837.267448 trustPaid=14345.125303 grantorPaid=25182.392751 burnSw=28690.250607 W=1180037.942163 WB=1180037.942163 Tself=1146663.156000 CGs=0.000000
        HOLD: TEb=23118684.228000 b0=7512684.228000 ETb=3005073.691200 SUb=0.000000 Hb=20113610.536800
        GIFT: T=1180037.942163 TB=1180037.942163 add2035=0.000000 TEs=21938152.649773 b4=7332152.649773 ETs=2932861.059909 BIG=0.000000 SUs=0.000000 Hs=20185329.532027
        dH=71718.995227 dTW=-493.636064 dET=72212.631291 dSU=0.000000 | b1=7366021.072000 b2=7332646.285837 b3=7332646.285837 freeze=58665.262400 burn=13349.914465 giftTax=0.000000 resid=-296.181638 stepUp=0.000000 sum=71718.995227 DF=0.888996 PV=63757.925604
   NPV(s=1) = 63757.925604   comps: freeze=52153.204654 burn=11868.025348 giftTax=0.000000 resid=-263.304398 stepUp=0.000000 sum=63757.925604
   Eff_Ug = 0.063757925604
-- s=2: Ug=1000000 R=15000000 Uc=1000000 G=0 BT0=200000 phi=0.5 
   t=1 X_t=15,000,000.00 Vb=1090000.000000 Eb=20590840.000000 | Vs=1085420.000000 Bs=215420.000000 Es=20595420.000000 Ys=20000.000000 burnS=9160.000000 trustPaid=4580.000000 grantorPaid=4580.000000 burnSw=0.000000 W=0.000000 WB=0.000000 Tself=1080840.000000 CGs=0.000000
        HOLD: TEb=21680840.000000 b0=6680840.000000 ETb=2672336.000000 SUb=0.000000 Hb=19008504.000000
        GIFT: T=1085420.000000 TB=215420.000000 add2035=0.000000 TEs=20595420.000000 b4=6595420.000000 ETs=2638168.000000 BIG=870000.000000 SUs=209134.615385 Hs=18833537.384615
        dH=-174966.615385 dTW=0.000000 dET=34168.000000 dSU=-209134.615385 | b1=6600000.000000 b2=6595420.000000 b3=6595420.000000 freeze=32336.000000 burn=1832.000000 giftTax=0.000000 resid=0.000000 stepUp=-209134.615385 sum=-174966.615385 DF=0.961538 PV=-168237.130178
   t=2 X_t=15,300,000.00 Vb=1188100.000000 Eb=21198580.800000 | Vs=1178136.576400 Bs=232157.176400 Es=20030174.800000 Ys=21708.400000 burnS=9942.447200 trustPaid=4971.223600 grantorPaid=4971.223600 burnSw=0.000000 W=1178136.576400 WB=1178136.576400 Tself=1168215.105600 CGs=0.000000
        HOLD: TEb=22386680.800000 b0=7086680.800000 ETb=2834672.320000 SUb=0.000000 Hb=19552008.480000
        GIFT: T=1178136.576400 TB=1178136.576400 add2035=0.000000 TEs=21208311.376400 b4=6908311.376400 ETs=2763324.550560 BIG=0.000000 SUs=0.000000 Hs=19623123.402240
        dH=71114.922240 dTW=-232.847200 dET=71347.769440 dSU=0.000000 | b1=6918465.694400 b2=6908544.223600 b3=6908544.223600 freeze=67286.042240 burn=3968.588320 giftTax=0.000000 resid=-139.708320 stepUp=0.000000 sum=71114.922240 DF=0.924556 PV=65749.743195
   t=3 X_t=15,606,000.00 Vb=1295029.000000 Eb=21823655.228000 | Vs=1284168.868276 Bs=255719.907928 Es=20605355.105802 Ys=23562.731528 burnS=10791.731040 trustPaid=14933.207158 grantorPaid=25724.938198 burnSw=29866.414317 W=1228413.880850 WB=1228413.880850 Tself=1203261.558768 CGs=0.000000
        HOLD: TEb=23118684.228000 b0=7512684.228000 ETb=3005073.691200 SUb=0.000000 Hb=20113610.536800
        GIFT: T=1228413.880850 TB=1228413.880850 add2035=0.000000 TEs=21889523.974078 b4=7283523.974078 ETs=2913409.589631 BIG=0.000000 SUs=0.000000 Hs=20204528.265297
        dH=90917.728497 dTW=-746.373072 dET=91664.101569 dSU=0.000000 | b1=7309422.669232 b2=7284270.347150 b3=7284270.347150 freeze=81304.623507 burn=10060.928833 giftTax=0.000000 resid=-447.823843 stepUp=0.000000 sum=90917.728497 DF=0.888996 PV=80825.529573
   NPV(s=2) = 80825.529573   comps: freeze=72279.514241 burn=8944.129097 giftTax=0.000000 resid=-398.113766 stepUp=0.000000 sum=80825.529573
   Eff_Ug = 0.080825529573
-- s=3: Ug=1000000 R=15000000 Uc=1000000 G=0 BT0=200000 phi=0.5 
   t=1 X_t=15,000,000.00 Vb=1090000.000000 Eb=20590840.000000 | Vs=1085420.000000 Bs=215420.000000 Es=20595420.000000 Ys=20000.000000 burnS=9160.000000 trustPaid=4580.000000 grantorPaid=4580.000000 burnSw=0.000000 W=0.000000 WB=0.000000 Tself=1080840.000000 CGs=0.000000
        HOLD: TEb=21680840.000000 b0=6680840.000000 ETb=2672336.000000 SUb=0.000000 Hb=19008504.000000
        GIFT: T=1085420.000000 TB=215420.000000 add2035=0.000000 TEs=20595420.000000 b4=6595420.000000 ETs=2638168.000000 BIG=870000.000000 SUs=209134.615385 Hs=18833537.384615
        dH=-174966.615385 dTW=0.000000 dET=34168.000000 dSU=-209134.615385 | b1=6600000.000000 b2=6595420.000000 b3=6595420.000000 freeze=32336.000000 burn=1832.000000 giftTax=0.000000 resid=0.000000 stepUp=-209134.615385 sum=-174966.615385 DF=0.961538 PV=-168237.130178
   t=2 X_t=15,300,000.00 Vb=1188100.000000 Eb=21198580.800000 | Vs=1178136.576400 Bs=232157.176400 Es=21208311.376400 Ys=21708.400000 burnS=9942.447200 trustPaid=4971.223600 grantorPaid=4971.223600 burnSw=0.000000 W=0.000000 WB=0.000000 Tself=1168215.105600 CGs=0.000000
        HOLD: TEb=22386680.800000 b0=7086680.800000 ETb=2834672.320000 SUb=0.000000 Hb=19552008.480000
        GIFT: T=1178136.576400 TB=232157.176400 add2035=0.000000 TEs=21208311.376400 b4=6908311.376400 ETs=2763324.550560 BIG=945979.400000 SUs=227398.894231 Hs=19395724.508009
        dH=-156283.971991 dTW=-232.847200 dET=71347.769440 dSU=-227398.894231 | b1=6918465.694400 b2=6908544.223600 b3=6908544.223600 freeze=67286.042240 burn=3968.588320 giftTax=0.000000 resid=-139.708320 stepUp=-227398.894231 sum=-156283.971991 DF=0.924556 PV=-144493.317299
   t=3 X_t=15,606,000.00 Vb=1295029.000000 Eb=21823655.228000 | Vs=1278773.002756 Bs=250324.042408 Es=20560391.849416 Ys=23562.731528 burnS=10791.731040 trustPaid=5395.865520 grantorPaid=5395.865520 burnSw=0.000000 W=1278773.002756 WB=1278773.002756 Tself=1262653.614737 CGs=0.000000
        HOLD: TEb=23118684.228000 b0=7512684.228000 ETb=3005073.691200 SUb=0.000000 Hb=20113610.536800
        GIFT: T=1278773.002756 TB=1278773.002756 add2035=0.000000 TEs=21839164.852172 b4=7233164.852172 ETs=2893265.940869 BIG=0.000000 SUs=0.000000 Hs=20224671.914059
        dH=111061.377259 dTW=-746.373072 dET=111807.750331 dSU=0.000000 | b1=7250030.613263 b2=7233911.225244 b3=7233911.225244 freeze=105061.445895 burn=6447.755208 giftTax=0.000000 resid=-447.823843 stepUp=0.000000 sum=111061.377259 DF=0.888996 PV=98733.159973
   NPV(s=3) = 98733.159973   comps: freeze=93399.242837 burn=5732.030901 giftTax=0.000000 resid=-398.113766 stepUp=0.000000 sum=98733.159973
   Eff_Ug = 0.098733159973

==== FIXTURE I2 (machine): ING with a sale in year 2 (gr 3%, yr 0) ====
-- ING rates: tau_n_ord=0.408000 tau_n_cg=0.238000 fee=0
   t=1 X_t=15,000,000.00 Vb=1090000.000000 Eb=20590840.000000 | Yn=20000.000000 taxN=8160.000000 feeN=0.000000 gainL=0.000000 CGL=0.000000 CGn=0.000000 Vn=1081840.000000 Bn=211840.000000 Vsame=1080840.000000 Vrate=1081840.000000 En=20600000.000000
        ING: inclN=1081840.000000 TEn=21681840.000000 baseN=6681840.000000 (c3-baseN=0.00e+0) ETn=2672736.000000 SUn=0.000000 Hn=19009104.000000  HOLD: ETb=2672336.000000 Hb=19008504.000000
        dH=600.000000 dTW=1000.000000 dET=-400.000000 dSU=0.000000 | loc=0.000000 ss=1000.000000 fee=0.000000 -> locNet=0.000000 ssNet=600.000000 feeNet=0.000000 stepUp=0.000000 sum=600.000000 DF=0.961538 PV=576.923077
   t=2 X_t=15,300,000.00 Vb=1188100.000000 Eb=20926046.400000 | Yn=21636.800000 taxN=8827.814400 feeN=0.000000 gainL=0.000000 CGL=0.000000 CGn=225083.454400 Vn=945294.331200 Bn=945294.331200 Vsame=895865.371200 Vrate=945294.331200 En=21218000.000000
        ING: inclN=945294.331200 TEn=22163294.331200 baseN=6863294.331200 (c3-baseN=0.00e+0) ETn=2745317.732480 SUn=0.000000 Hn=19417976.598720  HOLD: ETb=2725658.560000 Hb=19388487.840000
        dH=29488.758720 dTW=49147.931200 dET=-19659.172480 dSU=0.000000 | loc=-281.028800 ss=49428.960000 fee=0.000000 -> locNet=-168.617280 ssNet=29657.376000 feeNet=0.000000 stepUp=0.000000 sum=29488.758720 DF=0.924556 PV=27264.015089
   t=3 X_t=15,606,000.00 Vb=1223743.000000 Eb=21553827.792000 | Yn=0.000000 taxN=0.000000 feeN=0.000000 gainL=0.000000 CGL=0.000000 CGn=0.000000 Vn=973653.161136 Bn=945294.331200 Vsame=922741.332336 Vrate=973653.161136 En=21854540.000000
        ING: inclN=973653.161136 TEn=22828193.161136 baseN=7222193.161136 (c3-baseN=-9.31e-10) ETn=2888877.264454 SUn=0.000000 Hn=19939315.896682  HOLD: ETb=2868628.316800 Hb=19908942.475200
        dH=30373.421482 dTW=50622.369136 dET=-20248.947654 dSU=0.000000 | loc=-289.459664 ss=50911.828800 fee=0.000000 -> locNet=-173.675798 ssNet=30547.097280 feeNet=0.000000 stepUp=0.000000 sum=30373.421482 DF=0.888996 PV=27001.861098
   NPV_ING = 27001.861098   comps: locNet=-154.397152 ssNet=27156.258250 feeNet=0.000000 stepUp=0.000000 sum=27001.861098
   NPV_ING / FMV = 0.027001861098

==== FIXTURE J2 (machine): IDGT phi=0.5 with a sale in year 2 (gr 3%, yr 0) ====
-- s=none: Ug=1000000 R=15000000 Uc=1000000 G=0 BT0=200000 phi=0.5 
   t=1 X_t=15,000,000.00 Vb=1090000.000000 Eb=20590840.000000 | Vs=1085420.000000 Bs=215420.000000 Es=20595420.000000 Ys=20000.000000 burnS=9160.000000 trustPaid=4580.000000 grantorPaid=4580.000000 burnSw=0.000000 W=0.000000 WB=0.000000 Tself=1080840.000000 CGs=0.000000
        HOLD: TEb=21680840.000000 b0=6680840.000000 ETb=2672336.000000 SUb=0.000000 Hb=19008504.000000
        GIFT: T=1085420.000000 TB=215420.000000 add2035=0.000000 TEs=20595420.000000 b4=6595420.000000 ETs=2638168.000000 BIG=870000.000000 SUs=209134.615385 Hs=18833537.384615
        dH=-174966.615385 dTW=0.000000 dET=34168.000000 dSU=-209134.615385 | b1=6600000.000000 b2=6595420.000000 b3=6595420.000000 freeze=32336.000000 burn=1832.000000 giftTax=0.000000 resid=0.000000 stepUp=-209134.615385 sum=-174966.615385 DF=0.961538 PV=-168237.130178
   t=2 X_t=15,300,000.00 Vb=1188100.000000 Eb=20926046.400000 | Vs=1041915.542800 Bs=1041915.542800 Es=21072090.342800 Ys=21708.400000 burnS=9942.447200 trustPaid=141192.257200 grantorPaid=141192.257200 burnSw=0.000000 W=0.000000 WB=0.000000 Tself=895865.371200 CGs=272442.067200
        HOLD: TEb=22114146.400000 b0=6814146.400000 ETb=2725658.560000 SUb=0.000000 Hb=19388487.840000
        GIFT: T=1041915.542800 TB=1041915.542800 add2035=0.000000 TEs=21072090.342800 b4=6772090.342800 ETs=2708836.137120 BIG=0.000000 SUs=0.000000 Hs=19405169.748480
        dH=16681.908480 dTW=-140.514400 dET=16822.422880 dSU=0.000000 | b1=6918281.028800 b2=6772230.857200 b3=6772230.857200 freeze=-41653.851520 burn=58420.068640 giftTax=0.000000 resid=-84.308640 stepUp=0.000000 sum=16681.908480 DF=0.924556 PV=15423.362130
   t=3 X_t=15,606,000.00 Vb=1223743.000000 Eb=21553827.792000 | Vs=1073173.009084 Bs=1041915.542800 Es=21704253.053084 Ys=0.000000 burnS=0.000000 trustPaid=0.000000 grantorPaid=0.000000 burnSw=0.000000 W=0.000000 WB=0.000000 Tself=922741.332336 CGs=0.000000
        HOLD: TEb=22777570.792000 b0=7171570.792000 ETb=2868628.316800 SUb=0.000000 Hb=19908942.475200
        GIFT: T=1073173.009084 TB=1041915.542800 add2035=0.000000 TEs=21704253.053084 b4=7098253.053084 ETs=2839301.221234 BIG=31257.466284 SUs=7513.814011 Hs=19930611.026924
        dH=21668.551724 dTW=-144.729832 dET=29327.095566 dSU=-7513.814011 | b1=7248829.459664 b2=7098397.782916 b3=7098397.782916 freeze=-30903.467066 burn=60172.670699 giftTax=0.000000 resid=-86.837899 stepUp=-7513.814011 sum=21668.551724 DF=0.888996 PV=19263.263580
   NPV(s=none) = 19263.263580   comps: freeze=-27473.069692 burn=53493.285143 giftTax=0.000000 resid=-77.198576 stepUp=-6679.753295 sum=19263.263580
   Eff_Ug = 0.019263263580
-- s=1: Ug=1000000 R=15000000 Uc=1000000 G=0 BT0=200000 phi=0.5 
   t=1 X_t=15,000,000.00 Vb=1090000.000000 Eb=20590840.000000 | Vs=1085420.000000 Bs=215420.000000 Es=19510000.000000 Ys=20000.000000 burnS=9160.000000 trustPaid=4580.000000 grantorPaid=4580.000000 burnSw=0.000000 W=1085420.000000 WB=1085420.000000 Tself=1080840.000000 CGs=0.000000
        HOLD: TEb=21680840.000000 b0=6680840.000000 ETb=2672336.000000 SUb=0.000000 Hb=19008504.000000
        GIFT: T=1085420.000000 TB=1085420.000000 add2035=0.000000 TEs=20595420.000000 b4=6595420.000000 ETs=2638168.000000 BIG=0.000000 SUs=0.000000 Hs=19042672.000000
        dH=34168.000000 dTW=0.000000 dET=34168.000000 dSU=0.000000 | b1=6600000.000000 b2=6595420.000000 b3=6595420.000000 freeze=32336.000000 burn=1832.000000 giftTax=0.000000 resid=0.000000 stepUp=0.000000 sum=34168.000000 DF=0.961538 PV=32853.846154
   t=2 X_t=15,300,000.00 Vb=1188100.000000 Eb=20926046.400000 | Vs=1183107.800000 Bs=1183107.800000 Es=19799157.486707 Ys=21708.400000 burnS=9942.447200 trustPaid=13757.998893 grantorPaid=296142.513293 burnSw=27515.997786 W=1131740.598893 WB=1131740.598893 Tself=1113265.200000 CGs=272442.067200
        HOLD: TEb=22114146.400000 b0=6814146.400000 ETb=2725658.560000 SUb=0.000000 Hb=19388487.840000
        GIFT: T=1131740.598893 TB=1131740.598893 add2035=0.000000 TEs=20982265.286707 b4=6682265.286707 ETs=2672906.114683 BIG=0.000000 SUs=0.000000 Hs=19441099.770917
        dH=52611.930917 dTW=-140.514400 dET=52752.445317 dSU=0.000000 | b1=6700881.200000 b2=6682405.801107 b3=6682405.801107 freeze=45306.080000 burn=7390.159557 giftTax=0.000000 resid=-84.308640 stepUp=0.000000 sum=52611.930917 DF=0.924556 PV=48642.687608
   t=3 X_t=15,606,000.00 Vb=1223743.000000 Eb=21553827.792000 | Vs=1218601.034000 Bs=1183107.800000 Es=20378787.086005 Ys=0.000000 burnS=0.000000 trustPaid=14345.125303 grantorPaid=14345.125303 burnSw=28690.250607 W=1180037.942163 WB=1180037.942163 Tself=1146663.156000 CGs=0.000000
        HOLD: TEb=22777570.792000 b0=7171570.792000 ETb=2868628.316800 SUb=0.000000 Hb=19908942.475200
        GIFT: T=1180037.942163 TB=1180037.942163 add2035=0.000000 TEs=21597388.120005 b4=6991388.120005 ETs=2796555.248002 BIG=0.000000 SUs=0.000000 Hs=19980870.814166
        dH=71928.338966 dTW=-144.729832 dET=72073.068798 dSU=0.000000 | b1=7024907.636000 b2=6991532.849837 b3=6991532.849837 freeze=58665.262400 burn=13349.914465 giftTax=0.000000 resid=-86.837899 stepUp=0.000000 sum=71928.338966 DF=0.888996 PV=63944.031426
   NPV(s=1) = 63944.031426   comps: freeze=52153.204654 burn=11868.025348 giftTax=0.000000 resid=-77.198576 stepUp=0.000000 sum=63944.031426
   Eff_Ug = 0.063944031426

==== CHECK: phi=0 (trust pays all) -> burn component must be exactly 0; T must equal Tself ====
-- s=none: Ug=1000000 R=15000000 Uc=1000000 G=0 BT0=200000 phi=0 
   t=1 X_t=15,000,000.00 Vb=1090000.000000 Eb=20590840.000000 | Vs=1080840.000000 Bs=210840.000000 Es=20600000.000000 Ys=20000.000000 burnS=9160.000000 trustPaid=9160.000000 grantorPaid=0.000000 burnSw=0.000000 W=0.000000 WB=0.000000 Tself=1080840.000000 CGs=0.000000
        HOLD: TEb=21680840.000000 b0=6680840.000000 ETb=2672336.000000 SUb=0.000000 Hb=19008504.000000
        GIFT: T=1080840.000000 TB=210840.000000 add2035=0.000000 TEs=20600000.000000 b4=6600000.000000 ETs=2640000.000000 BIG=870000.000000 SUs=209134.615385 Hs=18831705.384615
        dH=-176798.615385 dTW=0.000000 dET=32336.000000 dSU=-209134.615385 | b1=6600000.000000 b2=6600000.000000 b3=6600000.000000 freeze=32336.000000 burn=0.000000 giftTax=0.000000 resid=0.000000 stepUp=-209134.615385 sum=-176798.615385 DF=0.961538 PV=-169998.668639
   t=2 X_t=15,300,000.00 Vb=1188100.000000 Eb=21198580.800000 | Vs=1168215.105600 Bs=222556.305600 Es=21218000.000000 Ys=21616.800000 burnS=9900.494400 trustPaid=9900.494400 grantorPaid=0.000000 burnSw=0.000000 W=0.000000 WB=0.000000 Tself=1168215.105600 CGs=0.000000
        HOLD: TEb=22386680.800000 b0=7086680.800000 ETb=2834672.320000 SUb=0.000000 Hb=19552008.480000
        GIFT: T=1168215.105600 TB=222556.305600 add2035=0.000000 TEs=21218000.000000 b4=6918000.000000 ETs=2767200.000000 BIG=945658.800000 SUs=227321.826923 Hs=19391693.278677
        dH=-160315.201323 dTW=-465.694400 dET=67472.320000 dSU=-227321.826923 | b1=6918465.694400 b2=6918465.694400 b3=6918465.694400 freeze=67286.042240 burn=0.000000 giftTax=0.000000 resid=-279.416640 stepUp=-227321.826923 sum=-160315.201323 DF=0.924556 PV=-148220.415424
   t=3 X_t=15,606,000.00 Vb=1295029.000000 Eb=21823655.228000 | Vs=1262653.614737 Bs=235219.757345 Es=21854540.000000 Ys=23364.302112 burnS=10700.850367 trustPaid=10700.850367 grantorPaid=0.000000 burnSw=0.000000 W=0.000000 WB=0.000000 Tself=1262653.614737 CGs=0.000000
        HOLD: TEb=23118684.228000 b0=7512684.228000 ETb=3005073.691200 SUb=0.000000 Hb=20113610.536800
        GIFT: T=1262653.614737 TB=235219.757345 add2035=0.000000 TEs=21854540.000000 b4=7248540.000000 ETs=2899416.000000 BIG=1027433.857392 SUs=246979.292642 Hs=19970798.322094
        dH=-142812.214706 dTW=-1490.613263 dET=105657.691200 dSU=-246979.292642 | b1=7250030.613263 b2=7250030.613263 b3=7250030.613263 freeze=105061.445895 burn=0.000000 giftTax=0.000000 resid=-894.367958 stepUp=-246979.292642 sum=-142812.214706 DF=0.888996 PV=-126959.538847
   NPV(s=none) = -126959.538847   comps: freeze=93399.242837 burn=0.000000 giftTax=0.000000 resid=-795.089858 stepUp=-219563.691826 sum=-126959.538847
   Eff_Ug = -0.126959538847
   max |T - Tself| over years = 0.000e+0

==== FIXTURE I3 (machine): ING with a 0.5% administration fee ====
-- ING rates: tau_n_ord=0.408000 tau_n_cg=0.238000 fee=0.005
   t=1 X_t=15,000,000.00 Vb=1090000.000000 Eb=20590840.000000 | Yn=20000.000000 taxN=8160.000000 feeN=5000.000000 gainL=0.000000 CGL=0.000000 CGn=0.000000 Vn=1076840.000000 Bn=206840.000000 Vsame=1080840.000000 Vrate=1081840.000000 En=20600000.000000
        ING: inclN=1076840.000000 TEn=21676840.000000 baseN=6676840.000000 (c3-baseN=0.00e+0) ETn=2670736.000000 SUn=0.000000 Hn=19006104.000000  HOLD: ETb=2672336.000000 Hb=19008504.000000
        dH=-2400.000000 dTW=-4000.000000 dET=1600.000000 dSU=0.000000 | loc=0.000000 ss=1000.000000 fee=-5000.000000 -> locNet=0.000000 ssNet=600.000000 feeNet=-3000.000000 stepUp=0.000000 sum=-2400.000000 DF=0.961538 PV=-2307.692308
   t=2 X_t=15,300,000.00 Vb=1188100.000000 Eb=21198580.800000 | Yn=21536.800000 taxN=8787.014400 feeN=5384.200000 gainL=0.000000 CGL=0.000000 CGn=0.000000 Vn=1159584.385600 Bn=214205.585600 Vsame=1168215.105600 Vrate=1170377.785600 En=21218000.000000
        ING: inclN=1159584.385600 TEn=22377584.385600 baseN=7077584.385600 (c3-baseN=0.00e+0) ETn=2831033.754240 SUn=0.000000 Hn=19546550.631360  HOLD: ETb=2834672.320000 Hb=19552008.480000
        dH=-5457.848640 dTW=-9096.414400 dET=3638.565760 dSU=0.000000 | loc=-465.694400 ss=2162.680000 fee=-10793.400000 -> locNet=-279.416640 ssNet=1297.608000 feeNet=-6476.040000 stepUp=0.000000 sum=-5457.848640 DF=0.924556 PV=-5046.087870
   t=3 X_t=15,606,000.00 Vb=1295029.000000 Eb=21823655.228000 | Yn=23191.687712 taxN=9462.208586 feeN=5797.921928 gainL=0.000000 CGL=0.000000 CGn=0.000000 Vn=1248686.849790 Bn=222137.142798 Vsame=1262653.614737 Vrate=1266161.503574 En=21854540.000000
        ING: inclN=1248686.849790 TEn=23103226.849790 baseN=7497226.849790 (c3-baseN=0.00e+0) ETn=2998890.739916 SUn=0.000000 Hn=20104336.109874  HOLD: ETb=3005073.691200 Hb=20113610.536800
        dH=-9274.426926 dTW=-15457.378210 dET=6182.951284 dSU=0.000000 | loc=-1490.613263 ss=3507.888837 fee=-17474.653784 -> locNet=-894.367958 ssNet=2104.733302 feeNet=-10484.792270 stepUp=0.000000 sum=-9274.426926 DF=0.888996 PV=-8244.931766
   NPV_ING = -8244.931766   comps: locNet=-795.089858 ssNet=1871.100242 feeNet=-9320.942150 stepUp=0.000000 sum=-8244.931766
   NPV_ING / FMV = -0.008244931766

==== FIXTURE I4 (machine): ING, estate below the exclusion (E0 = 10,000,000): dH must equal dTW ====
-- ING rates: tau_n_ord=0.408000 tau_n_cg=0.238000 fee=0
   t=1 X_t=15,000,000.00 Vb=1090000.000000 Eb=10290840.000000 | Yn=20000.000000 taxN=8160.000000 feeN=0.000000 gainL=0.000000 CGL=0.000000 CGn=0.000000 Vn=1081840.000000 Bn=211840.000000 Vsame=1080840.000000 Vrate=1081840.000000 En=10300000.000000
        ING: inclN=1081840.000000 TEn=11381840.000000 baseN=-3618160.000000 (c3-baseN=0.00e+0) ETn=0.000000 SUn=0.000000 Hn=11381840.000000  HOLD: ETb=0.000000 Hb=11380840.000000
        dH=1000.000000 dTW=1000.000000 dET=0.000000 dSU=0.000000 | loc=0.000000 ss=1000.000000 fee=0.000000 -> locNet=0.000000 ssNet=1000.000000 feeNet=0.000000 stepUp=0.000000 sum=1000.000000 DF=0.961538 PV=961.538462
   t=2 X_t=15,300,000.00 Vb=1188100.000000 Eb=10589580.800000 | Yn=21636.800000 taxN=8827.814400 feeN=0.000000 gainL=0.000000 CGL=0.000000 CGn=0.000000 Vn=1170377.785600 Bn=224648.985600 Vsame=1168215.105600 Vrate=1170377.785600 En=10609000.000000
        ING: inclN=1170377.785600 TEn=11779377.785600 baseN=-3520622.214400 (c3-baseN=9.31e-10) ETn=0.000000 SUn=0.000000 Hn=11779377.785600  HOLD: ETb=0.000000 Hb=11777680.800000
        dH=1696.985600 dTW=1696.985600 dET=0.000000 dSU=0.000000 | loc=-465.694400 ss=2162.680000 fee=0.000000 -> locNet=-465.694400 ssNet=2162.680000 feeNet=0.000000 stepUp=0.000000 sum=1696.985600 DF=0.924556 PV=1568.958580
   t=3 X_t=15,606,000.00 Vb=1295029.000000 Eb=10896385.228000 | Yn=23407.555712 taxN=9550.282730 feeN=0.000000 gainL=0.000000 CGL=0.000000 CGn=0.000000 Vn=1266161.503574 Bn=238506.258582 Vsame=1262653.614737 Vrate=1266161.503574 En=10927270.000000
        ING: inclN=1266161.503574 TEn=12193431.503574 baseN=-3412568.496426 (c3-baseN=9.31e-10) ETn=0.000000 SUn=0.000000 Hn=12193431.503574  HOLD: ETb=0.000000 Hb=12191414.228000
        dH=2017.275574 dTW=2017.275574 dET=0.000000 dSU=0.000000 | loc=-1490.613263 ss=3507.888837 fee=0.000000 -> locNet=-1490.613263 ssNet=3507.888837 feeNet=0.000000 stepUp=0.000000 sum=2017.275574 DF=0.888996 PV=1793.350639
   NPV_ING = 1793.350639   comps: locNet=-1325.149763 ssNet=3118.500403 feeNet=0.000000 stepUp=0.000000 sum=1793.350639
   NPV_ING / FMV = 0.001793350639

==== FIXTURE I5 (machine): ING, fee 1% beyond the after-tax yield (y 0.5%, basis 0), sale in year 3 — pro-rata basis, liquidation gain ====
-- ING rates: tau_n_ord=0.408000 tau_n_cg=0.238000 fee=0.01
   t=1 X_t=15,000,000.00 Vb=1075000.000000 Eb=20597710.000000 | Yn=5000.000000 taxN=2040.000000 feeN=10000.000000 gainL=9238.845144 CGL=2198.845144 CGn=0.000000 Vn=1060761.154856 Bn=0.000000 Vsame=1072710.000000 Vrate=1072960.000000 En=20600000.000000
        ING: inclN=1060761.154856 TEn=21660761.154856 baseN=6660761.154856 (c3-baseN=0.00e+0) ETn=2664304.461942 SUn=0.000000 Hn=18996456.692913  HOLD: ETb=2669084.000000 Hb=19003626.000000
        dH=-7169.307087 dTW=-11948.845144 dET=4779.538058 dSU=0.000000 | loc=0.000000 ss=250.000000 fee=-12198.845144 -> locNet=0.000000 ssNet=150.000000 feeNet=-7319.307087 stepUp=0.000000 sum=-7169.307087 DF=0.961538 PV=-6893.564506
   t=2 X_t=15,300,000.00 Vb=1155625.000000 Eb=21213179.550000 | Yn=5303.805774 taxN=2163.952756 feeN=10607.611549 gainL=9800.208045 CGL=2332.449515 CGn=0.000000 Vn=1125214.227651 Bn=0.000000 Vsame=1150706.744100 Vrate=1151243.161600 En=21218000.000000
        ING: inclN=1125214.227651 TEn=22343214.227651 baseN=7043214.227651 (c3-baseN=9.31e-10) ETn=2817285.691060 SUn=0.000000 Hn=19525928.536590  HOLD: ETb=2827521.820000 Hb=19541282.730000
        dH=-15354.193410 dTW=-25590.322349 dET=10236.128940 dSU=0.000000 | loc=-97.805900 ss=536.417500 fee=-26028.933949 -> locNet=-58.683540 ssNet=321.850500 feeNet=-15617.360370 stepUp=0.000000 sum=-15354.193410 DF=0.924556 PV=-14195.814913
   t=3 X_t=15,606,000.00 Vb=1242296.875000 Eb=21493799.155250 | Yn=5626.071138 taxN=2295.437024 feeN=11252.142277 gainL=10395.680003 CGL=2474.171841 CGn=284072.883373 Vn=909510.660210 Bn=909510.660210 Vsame=881390.549902 Vrate=943522.637998 En=21854540.000000
        ING: inclN=909510.660210 TEn=22764050.660210 baseN=7158050.660210 (c3-baseN=-9.31e-10) ETn=2863220.264084 SUn=0.000000 Hn=19900830.396126  HOLD: ETb=2852038.412100 Hb=19884057.618150
        dH=16772.777976 dTW=27954.629960 dET=-11181.851984 dSU=0.000000 | loc=-165.480348 ss=62132.088096 fee=-34011.977788 -> locNet=-99.288209 ssNet=37279.252857 feeNet=-20407.186673 stepUp=0.000000 sum=16772.777976 DF=0.888996 PV=14910.938545
   NPV_ING = 14910.938545   comps: locNet=-88.266856 ssNet=33141.120044 feeNet=-18141.914643 stepUp=0.000000 sum=14910.938545
   NPV_ING / FMV = 0.014910938545

==== FIXTURE I6 (machine): ING with the home state taxing the grantor (NY/CA flag): ssNet must be 0, E^n carries the state burn ====
-- ING rates: tau_n_ord=0.408000 tau_n_cg=0.238000 fee=0
   t=1 X_t=15,000,000.00 Vb=1090000.000000 Eb=20590840.000000 | Yn=20000.000000 taxN=8160.000000 feeN=0.000000 gainL=0.000000 CGL=0.000000 CGn=0.000000 Vn=1081840.000000 Bn=211840.000000 Vsame=1081840.000000 Vrate=1081840.000000 En=20599000.000000
        ING: inclN=1081840.000000 TEn=21680840.000000 baseN=6680840.000000 (c3-baseN=0.00e+0) ETn=2672336.000000 SUn=0.000000 Hn=19008504.000000  HOLD: ETb=2672336.000000 Hb=19008504.000000
        dH=0.000000 dTW=0.000000 dET=0.000000 dSU=0.000000 | loc=0.000000 ss=0.000000 fee=0.000000 -> locNet=0.000000 ssNet=0.000000 feeNet=0.000000 stepUp=0.000000 sum=0.000000 DF=0.961538 PV=0.000000
   t=2 X_t=15,300,000.00 Vb=1188100.000000 Eb=21198580.800000 | Yn=21636.800000 taxN=8827.814400 feeN=0.000000 gainL=0.000000 CGL=0.000000 CGn=0.000000 Vn=1170377.785600 Bn=224648.985600 Vsame=1170377.785600 Vrate=1170377.785600 En=21215888.160000
        ING: inclN=1170377.785600 TEn=22386265.945600 baseN=7086265.945600 (c3-baseN=9.31e-10) ETn=2834506.378240 SUn=0.000000 Hn=19551759.567360  HOLD: ETb=2834672.320000 Hb=19552008.480000
        dH=-248.912640 dTW=-414.854400 dET=165.941760 dSU=0.000000 | loc=-414.854400 ss=0.000000 fee=0.000000 -> locNet=-248.912640 ssNet=0.000000 feeNet=0.000000 stepUp=0.000000 sum=-248.912640 DF=0.924556 PV=-230.133728
   t=3 X_t=15,606,000.00 Vb=1295029.000000 Eb=21823655.228000 | Yn=23407.555712 taxN=9550.282730 feeN=0.000000 gainL=0.000000 CGL=0.000000 CGn=0.000000 Vn=1266161.503574 Bn=238506.258582 Vsame=1266161.503574 Vrate=1266161.503574 En=21851194.427014
        ING: inclN=1266161.503574 TEn=23117355.930588 baseN=7511355.930588 (c3-baseN=9.31e-10) ETn=3004542.372235 SUn=0.000000 Hn=20112813.558353  HOLD: ETb=3005073.691200 Hb=20113610.536800
        dH=-796.978447 dTW=-1328.297412 dET=531.318965 dSU=0.000000 | loc=-1328.297412 ss=0.000000 fee=0.000000 -> locNet=-796.978447 ssNet=0.000000 feeNet=0.000000 stepUp=0.000000 sum=-796.978447 DF=0.888996 PV=-708.510938
   NPV_ING = -708.510938   comps: locNet=-708.510938 ssNet=0.000000 feeNet=0.000000 stepUp=0.000000 sum=-708.510938
   NPV_ING / FMV = -0.000708510938
   max |ssNet| = 0.000e+0

==== CHECK J3: phi=0, swap s=1, delta 30% with discountAtDeath -> burn must be exactly 0 (v1 §7 b2 amendment) ====
-- s=1: Ug=700000 R=15000000 Uc=700000 G=0 BT0=200000 phi=0 
   NPV(s=1) = 35517.353498   comps: freeze=158832.767695 burn=0.000000 giftTax=0.000000 resid=-124013.126491 stepUp=697.712294 sum=35517.353498
   Eff_Ug = 0.050739076426
   max |burn_t| = 0.000e+0; resid_3 = -139497.901517; sum check = 1.499e-9
